// Jest Snapshot v1, https://goo.gl/fbAQLP

exports[`MoviePage should match snapshot 1`] = `
<section
  className="movie-container"
>
  <Movie
    episode={1}
    image="ep1.jpg"
    key="1"
  />
  <Movie
    episode={2}
    image="ep2.jpg"
    key="2"
  />
  <Movie
    episode={3}
    image="ep3.jpg"
    key="3"
  />
</section>
`;
