// Jest Snapshot v1, https://goo.gl/fbAQLP

exports[`MoviePage should match snapshot 1`] = `
<section
  className="movie-container"
>
  <Movie
    episode={1}
    image="https://media.proprofs.com/images/QM/user_images/1826446/1496915404.jpg"
    key="1"
  />
  <Movie
    episode={2}
    image="https://www.kickassfacts.com/wp-content/uploads/2015/12/Attack-of-the-Clones.jpg"
    key="2"
  />
  <Movie
    episode={3}
    image="https://i.kym-cdn.com/entries/icons/original/000/022/048/Revenge_of_the_Sith.jpg"
    key="3"
  />
</section>
`;
