// Jest Snapshot v1, https://goo.gl/fbAQLP

exports[`UserProfile should match the snapshot 1`] = `
<section
  className="profile-box"
>
  <h3>
    Name: 
    John Adams
  </h3>
  <p>
    "
    You send them to me!
    "
  </p>
  <h4>
    Experience Level: 
    Master
  </h4>
  <NavLink
    exact={true}
    id="welcome-form"
    onClick={[Function]}
    to="/"
  >
    Log Out
  </NavLink>
  <NavLink
    exact={true}
    onClick={[Function]}
    to="/movie-page"
  >
    Home
  </NavLink>
</section>
`;
